// Jest Snapshot v1, https://goo.gl/fbAQLP

exports[`deleteRow 1`] = `
Object {
  "args": Object {
    "alive": false,
    "last_edited_by_id": "user_root_1",
    "last_edited_by_table": "notion_user",
    "last_edited_time": Any<Number>,
  },
  "command": "update",
  "id": "block_1",
  "path": Array [],
  "table": "block",
}
`;
