// Jest Snapshot v1, https://goo.gl/fbAQLP

exports[`updateBookmarkedPages 1`] = `
Object {
  "bookmarked_pages": Array [
    "block_2",
  ],
  "id": "space_view_1",
  "last_edited_by_id": "user_root_1",
  "last_edited_by_table": "notion_user",
  "last_edited_time": Any<Number>,
}
`;
